
José Enrique@DESKTOP-0KE7HET MINGW64 /c/xampp1/htdocs/ElAlmiranteWEB (main)
$ git branch
* main

José Enrique@DESKTOP-0KE7HET MINGW64 /c/xampp1/htdocs/ElAlmiranteWEB (main)
$ git checkout feature
error: pathspec 'feature' did not match any file(s) known to git

José Enrique@DESKTOP-0KE7HET MINGW64 /c/xampp1/htdocs/ElAlmiranteWEB (main)
$ git add layoutAdmin.php
fatal: pathspec 'layoutAdmin.php' did not match any files

José Enrique@DESKTOP-0KE7HET MINGW64 /c/xampp1/htdocs/ElAlmiranteWEB (main)
$  git add layoutAdmin
fatal: pathspec 'layoutAdmin' did not match any files

José Enrique@DESKTOP-0KE7HET MINGW64 /c/xampp1/htdocs/ElAlmiranteWEB (main)
$ git add views/layoutAdmin.php

José Enrique@DESKTOP-0KE7HET MINGW64 /c/xampp1/htdocs/ElAlmiranteWEB (main)
$ git commit -m "Agrego layoutAdmin"
Author identity unknown

*** Please tell me who you are.

Run

  git config --global user.email "you@example.com"
  git config --global user.name "Your Name"

to set your account's default identity.
Omit --global to set the identity only in this repository.

fatal: unable to auto-detect email address (got 'José Enrique@DESKTOP-0KE7HET.(none)')

José Enrique@DESKTOP-0KE7HET MINGW64 /c/xampp1/htdocs/ElAlmiranteWEB (main)
$ git reset
Unstaged changes after reset:
M       Router.php
M       composer.json
M       composer.lock
M       controllers/SessionController.php
M       controllers/UserController.php
M       includes/config/database.php
M       public/index.php

José Enrique@DESKTOP-0KE7HET MINGW64 /c/xampp1/htdocs/ElAlmiranteWEB (main)
$ git checkout -b feature/layoutAdmin
Switched to a new branch 'feature/layoutAdmin'

José Enrique@DESKTOP-0KE7HET MINGW64 /c/xampp1/htdocs/ElAlmiranteWEB (feature/layoutAdmin)
$  git add views/layoutAdmin.php

José Enrique@DESKTOP-0KE7HET MINGW64 /c/xampp1/htdocs/ElAlmiranteWEB (feature/layoutAdmin)
$  git commit -m "Agrego layoutAdmin"
Author identity unknown

*** Please tell me who you are.

Run

  git config --global user.email "you@example.com"
  git config --global user.name "Your Name"

to set your account's default identity.
Omit --global to set the identity only in this repository.

fatal: unable to auto-detect email address (got 'José Enrique@DESKTOP-0KE7HET.(none)')

José Enrique@DESKTOP-0KE7HET MINGW64 /c/xampp1/htdocs/ElAlmiranteWEB (feature/layoutAdmin)
$ git config user.name "Enrique2125122"

José Enrique@DESKTOP-0KE7HET MINGW64 /c/xampp1/htdocs/ElAlmiranteWEB (feature/layoutAdmin)
$ git config user.email "martinezramirezjoseenrique3@gmail.com"

José Enrique@DESKTOP-0KE7HET MINGW64 /c/xampp1/htdocs/ElAlmiranteWEB (feature/layoutAdmin)
$ git config --global --list
core.editor="C:\Users\Alejandro\AppData\Local\Programs\Microsoft VS Code\bin\code" --wait
user.name=Enrique2125122

José Enrique@DESKTOP-0KE7HET MINGW64 /c/xampp1/htdocs/ElAlmiranteWEB (feature/layoutAdmin)
$ git commit -m "Agrego layoutAdmin"
[feature/layoutAdmin 0f32c9f] Agrego layoutAdmin
 1 file changed, 85 insertions(+)
 create mode 100644 views/layoutAdmin.php

José Enrique@DESKTOP-0KE7HET MINGW64 /c/xampp1/htdocs/ElAlmiranteWEB (feature/layoutAdmin)
$ git push
fatal: The current branch feature/layoutAdmin has no upstream branch.
To push the current branch and set the remote as upstream, use

    git push --set-upstream origin feature/layoutAdmin

To have this happen automatically for branches without a tracking
upstream, see 'push.autoSetupRemote' in 'git help config'.


José Enrique@DESKTOP-0KE7HET MINGW64 /c/xampp1/htdocs/ElAlmiranteWEB (feature/layoutAdmin)
$ git push -u origin feature
error: src refspec feature does not match any
error: failed to push some refs to 'https://github.com/MaximoCoder/ElAlmiranteWEB.git'

José Enrique@DESKTOP-0KE7HET MINGW64 /c/xampp1/htdocs/ElAlmiranteWEB (feature/layoutAdmin)
$ git push -u origin feature/layoutAdmin
Enumerating objects: 45, done.
Counting objects: 100% (41/41), done.
Delta compression using up to 2 threads
Compressing objects: 100% (22/22), done.
Writing objects: 100% (32/32), 14.94 KiB | 268.00 KiB/s, done.
Total 32 (delta 16), reused 24 (delta 10), pack-reused 0 (from 0)
remote: Resolving deltas: 100% (16/16), completed with 5 local objects.
remote:
remote: Create a pull request for 'feature/layoutAdmin' on GitHub by visiting:
remote:      https://github.com/MaximoCoder/ElAlmiranteWEB/pull/new/feature/layoutAdmin
remote:
To https://github.com/MaximoCoder/ElAlmiranteWEB.git
 * [new branch]      feature/layoutAdmin -> feature/layoutAdmin
branch 'feature/layoutAdmin' set up to track 'origin/feature/layoutAdmin'.

José Enrique@DESKTOP-0KE7HET MINGW64 /c/xampp1/htdocs/ElAlmiranteWEB (feature/layoutAdmin)
$



José Enrique@DESKTOP-0KE7HET MINGW64 /c/xampp1/htdocs/ElAlmiranteWEB (feature/layoutAdmin)
$ git status
On branch feature/layoutAdmin
Your branch is up to date with 'origin/feature/layoutAdmin'.

Changes not staged for commit:
  (use "git add <file>..." to update what will be committed)
  (use "git restore <file>..." to discard changes in working directory)
        modified:   Router.php
        modified:   composer.json
        modified:   composer.lock
        modified:   controllers/SessionController.php
        modified:   controllers/UserController.php
        modified:   includes/config/database.php
        modified:   public/index.php

Untracked files:
  (use "git add <file>..." to include in what will be committed)
        CMD codigo.txt
        PASOS DE GIT.txt
        controllers/AdminController.php
        controllers/AgregarProductosController.php
        controllers/CategoriasController.php
        controllers/ConfiguracionAdminController.php
        controllers/EditarProductosController.php
        controllers/GestionUsuariosController.php
        controllers/PedidosController.php
        controllers/ReportesController.php
        controllers/VentasController.php
        models/RolModel.php
        public/css/Style-Admin.css
        public/css/boostrap.min_.css
        public/css/style_menuLateral.css
        public/images/Login.png
        public/images/login.jpg
        public/js/bootstrap.min.js
        public/js/jquery.min.js
        public/js/mainAdmin.js
        public/js/popper.js
        views/admin/

no changes added to commit (use "git add" and/or "git commit -a")

José Enrique@DESKTOP-0KE7HET MINGW64 /c/xampp1/htdocs/ElAlmiranteWEB (feature/layoutAdmin)
$ git checkout main
Switched to branch 'main'
M       Router.php
M       composer.json
M       composer.lock
M       controllers/SessionController.php
M       controllers/UserController.php
M       includes/config/database.php
M       public/index.php
Your branch is behind 'origin/main' by 11 commits, and can be fast-forwarded.
  (use "git pull" to update your local branch)

José Enrique@DESKTOP-0KE7HET MINGW64 /c/xampp1/htdocs/ElAlmiranteWEB (main)
$ git pull
error: Your local changes to the following files would be overwritten by merge:
        Router.php
        controllers/SessionController.php
        controllers/UserController.php
        public/index.php
Please commit your changes or stash them before you merge.
Aborting
Updating 6e70d59..593f17a

José Enrique@DESKTOP-0KE7HET MINGW64 /c/xampp1/htdocs/ElAlmiranteWEB (main)
$ git pull origin main
From https://github.com/MaximoCoder/ElAlmiranteWEB
 * branch            main       -> FETCH_HEAD
error: Your local changes to the following files would be overwritten by merge:
        Router.php
        controllers/SessionController.php
        controllers/UserController.php
        public/index.php
Please commit your changes or stash them before you merge.
error: The following untracked working tree files would be overwritten by merge:
        views/layoutAdmin.php
Please move or remove them before you merge.
Aborting
Updating 6e70d59..593f17a

José Enrique@DESKTOP-0KE7HET MINGW64 /c/xampp1/htdocs/ElAlmiranteWEB (main)
$
